// Jest Snapshot v1, https://goo.gl/fbAQLP

exports[`<Application /> should render the component without errors 1`] = `
<DocumentFragment>
  <div
    class="MuiGrid-root makeStyles-root-1 MuiGrid-container"
  >
    <div
      class="MuiGrid-root makeStyles-items-2 MuiGrid-item MuiGrid-grid-xs-3"
    >
      <ul
        class="MuiList-root makeStyles-root-3 MuiList-padding"
      />
    </div>
  </div>
</DocumentFragment>
`;
